// Jest Snapshot v1, https://goo.gl/fbAQLP

exports[`Pruebas en <PrimeraApp /> Debe de mostrar <PrimeraAopp /> correctamente 1`] = `
<Fragment>
  <h1>
    Hola soy Francisco
    !!!
  </h1>
  <p>
    Soy un subtitulo
  </p>
</Fragment>
`;
